// Jest Snapshot v1, https://goo.gl/fbAQLP

exports[` 1`] = `
<div
  className="Container"
>
  <div
    className="calc-container"
  >
    <div
      className="calc-output"
    >
      0
    </div>
    <div
      className="calc-keys"
    >
      <div
        className="first-row"
      >
        <input
          className="btn"
          name=""
          onClick={[Function]}
          type="button"
          value="AC"
        />
        <input
          className="btn"
          name=""
          onClick={[Function]}
          type="button"
          value="+/-"
        />
        <input
          className="btn"
          name=""
          onClick={[Function]}
          type="button"
          value="%"
        />
        <input
          className="btn color"
          name=""
          onClick={[Function]}
          type="button"
          value="รท"
        />
      </div>
      <div
        className="second-row"
      >
        <input
          className="btn"
          name=""
          onClick={[Function]}
          type="button"
          value="7"
        />
        <input
          className="btn"
          name=""
          onClick={[Function]}
          type="button"
          value="8"
        />
        <input
          className="btn"
          name=""
          onClick={[Function]}
          type="button"
          value="9"
        />
        <input
          className="btn color"
          name=""
          onClick={[Function]}
          type="button"
          value="x"
        />
      </div>
      <div
        className="third-row"
      >
        <input
          className="btn"
          name=""
          onClick={[Function]}
          type="button"
          value="4"
        />
        <input
          className="btn"
          name=""
          onClick={[Function]}
          type="button"
          value="5"
        />
        <input
          className="btn"
          name=""
          onClick={[Function]}
          type="button"
          value="6"
        />
        <input
          className="btn color"
          name=""
          onClick={[Function]}
          type="button"
          value="-"
        />
      </div>
      <div
        className="fourth-row"
      >
        <input
          className="btn"
          name=""
          onClick={[Function]}
          type="button"
          value="1"
        />
        <input
          className="btn"
          name=""
          onClick={[Function]}
          type="button"
          value="2"
        />
        <input
          className="btn"
          name=""
          onClick={[Function]}
          type="button"
          value="3"
        />
        <input
          className="btn color"
          name=""
          onClick={[Function]}
          type="button"
          value="+"
        />
      </div>
      <div
        className="fifth-row"
      >
        <input
          className="zeroBtn"
          name=""
          onClick={[Function]}
          type="button"
          value="0"
        />
        <input
          className="btn"
          name=""
          onClick={[Function]}
          type="button"
          value="."
        />
        <input
          className="btn color"
          name=""
          onClick={[Function]}
          type="button"
          value="="
        />
      </div>
    </div>
  </div>
</div>
`;

exports[`matches snapshots 1`] = `
<div
  className="Container"
>
  <div
    className="calc-container"
  >
    <div
      className="calc-output"
    >
      0
    </div>
    <div
      className="calc-keys"
    >
      <div
        className="first-row"
      >
        <input
          className="btn"
          name=""
          onClick={[Function]}
          type="button"
          value="AC"
        />
        <input
          className="btn"
          name=""
          onClick={[Function]}
          type="button"
          value="+/-"
        />
        <input
          className="btn"
          name=""
          onClick={[Function]}
          type="button"
          value="%"
        />
        <input
          className="btn color"
          name=""
          onClick={[Function]}
          type="button"
          value="รท"
        />
      </div>
      <div
        className="second-row"
      >
        <input
          className="btn"
          name=""
          onClick={[Function]}
          type="button"
          value="7"
        />
        <input
          className="btn"
          name=""
          onClick={[Function]}
          type="button"
          value="8"
        />
        <input
          className="btn"
          name=""
          onClick={[Function]}
          type="button"
          value="9"
        />
        <input
          className="btn color"
          name=""
          onClick={[Function]}
          type="button"
          value="x"
        />
      </div>
      <div
        className="third-row"
      >
        <input
          className="btn"
          name=""
          onClick={[Function]}
          type="button"
          value="4"
        />
        <input
          className="btn"
          name=""
          onClick={[Function]}
          type="button"
          value="5"
        />
        <input
          className="btn"
          name=""
          onClick={[Function]}
          type="button"
          value="6"
        />
        <input
          className="btn color"
          name=""
          onClick={[Function]}
          type="button"
          value="-"
        />
      </div>
      <div
        className="fourth-row"
      >
        <input
          className="btn"
          name=""
          onClick={[Function]}
          type="button"
          value="1"
        />
        <input
          className="btn"
          name=""
          onClick={[Function]}
          type="button"
          value="2"
        />
        <input
          className="btn"
          name=""
          onClick={[Function]}
          type="button"
          value="3"
        />
        <input
          className="btn color"
          name=""
          onClick={[Function]}
          type="button"
          value="+"
        />
      </div>
      <div
        className="fifth-row"
      >
        <input
          className="zeroBtn"
          name=""
          onClick={[Function]}
          type="button"
          value="0"
        />
        <input
          className="btn"
          name=""
          onClick={[Function]}
          type="button"
          value="."
        />
        <input
          className="btn color"
          name=""
          onClick={[Function]}
          type="button"
          value="="
        />
      </div>
    </div>
  </div>
</div>
`;

exports[`renders correctly 1`] = `
<div
  style={
    Object {
      "marginTop": "10rem",
      "textAlign": "center",
    }
  }
>
   
  <h1>
    Quote of the day
  </h1>
  <h2
    className="load"
  >
    Loading...
  </h2>
</div>
`;
